// Jest Snapshot v1, https://goo.gl/fbAQLP

exports[`<CodeContainer /> should render the component <CodeContainer /> 1`] = `
<div>
  <code
    aria-label="code-container"
    class="styles__Container-sc-1qlmxzr-0 cJSWVw"
  >
    Texto para teste
  </code>
</div>
`;
